Microchip MPLAB XC8 Compiler V1.45 ()

Linker command line:

-W-3 --edf=C:\Program Files (x86)\Microchip\xc8\v1.45\dat\en_msgs.txt -cs \
  -h+dist/default/production\PIC1619_Board.X.production.sym \
  --cmf=dist/default/production\PIC1619_Board.X.production.cmf -z -Q16F1619 \
  -oC:\Users\zkata\AppData\Local\Temp\sdi4.2 \
  -Mdist/default/production/PIC1619_Board.X.production.map -E1 -ver=XC8 \
  -ASTACK=020ACh-023efh -pstack=STACK -ACODE=00h-07FFhx4 \
  -ASTRCODE=00h-01FFFh -ASTRING=00h-0FFhx32 -ACONST=00h-0FFhx32 \
  -AENTRY=00h-0FFhx32 -ACOMMON=070h-07Fh -ABANK0=020h-06Fh \
  -ABANK1=0A0h-0EFh -ABANK2=0120h-016Fh -ABANK3=01A0h-01EFh \
  -ABANK4=0220h-026Fh -ABANK5=02A0h-02EFh -ABANK6=0320h-036Fh \
  -ABANK7=03A0h-03EFh -ABANK8=0420h-046Fh -ABANK9=04A0h-04EFh \
  -ABANK10=0520h-056Fh -ABANK11=05A0h-05EFh -ABANK12=0620h-064Fh \
  -ABIGRAM=02000h-023EFh \
  -ARAM=020h-06Fh,0A0h-0EFh,0120h-016Fh,01A0h-01EFh,0220h-026Fh,02A0h-02EFh,0320h-036Fh,03A0h-03EFh,0420h-046Fh,04A0h-04EFh,0520h-056Fh,05A0h-05EFh,0620h-064Fh \
  -AABS1=020h-07Fh,0A0h-0EFh,0120h-016Fh,01A0h-01EFh,0220h-026Fh,02A0h-02EFh,0320h-036Fh,03A0h-03EFh,0420h-046Fh,04A0h-04EFh,0520h-056Fh,05A0h-05EFh,0620h-064Fh \
  -ASFR0=00h-01Fh -ASFR1=080h-09Fh -ASFR2=0100h-011Fh -ASFR3=0180h-019Fh \
  -ASFR4=0200h-021Fh -ASFR5=0280h-029Fh -ASFR6=0300h-031Fh \
  -ASFR7=0380h-039Fh -ASFR8=0400h-041Fh -ASFR9=0480h-049Fh \
  -ASFR10=0500h-051Fh -ASFR11=0580h-059Fh -ASFR12=0600h-061Fh \
  -ASFR13=0680h-06EFh -ASFR14=0700h-076Fh -ASFR15=0780h-07EFh \
  -ASFR16=0800h-086Fh -ASFR17=0880h-08EFh -ASFR18=0900h-096Fh \
  -ASFR19=0980h-09EFh -ASFR20=0A00h-0A6Fh -ASFR21=0A80h-0AEFh \
  -ASFR22=0B00h-0B6Fh -ASFR23=0B80h-0BEFh -ASFR24=0C00h-0C6Fh \
  -ASFR25=0C80h-0CEFh -ASFR26=0D00h-0D6Fh -ASFR27=0D80h-0DEFh \
  -ASFR28=0E00h-0E6Fh -ASFR29=0E80h-0EEFh -ASFR30=0F00h-0F6Fh \
  -ASFR31=0F80h-0FEFh -preset_vec=00h,intentry=04h,init,end_init \
  -ppowerup=CODE -pcinit=CODE -pfunctab=ENTRY -ACONFIG=08007h-08009h \
  -pconfig=CONFIG -DCONFIG=2 -AIDLOC=08000h-08003h -pidloc=IDLOC -DIDLOC=2 \
  -DCODE=2 -DSTRCODE=2 -DSTRING=2 -DCONST=2 -DENTRY=2 -k \
  C:\Users\zkata\AppData\Local\Temp\sdi4.obj \
  dist/default/production\PIC1619_Board.X.production.obj 

Object code version is 3.11

Machine type is 16F1619



                Name                               Link     Load   Length Selector   Space Scale
C:\Users\zkata\AppData\Local\Temp\sdi4.obj
                end_init                             4A       4A        2        8       0
                reset_vec                             0        0        2        0       0
                config                             8007     8007        3    1000E       0
dist/default/production\PIC1619_Board.X.production.obj
                cinit                                4C       4C       29        8       0
                intentry                              4        4       46        8       0
                text91                              6A4      6A4       18      BF2       0
                text90                              F47      F47        3     1E8E       0
                text89                              F43      F43        1     1E86       0
                text88                              F6E      F6E        4     1EDC       0
                text87                              418      418       36        8       0
                text86                              634      634       1D      BF2       0
                text85                              F4A      F4A        3     1E94       0
                text84                              F4D      F4D        3     1E9A       0
                text83                              592      592       24        8       0
                text82                              7A5      7A5        C      F14       0
                text81                              78A      78A        E      F14       0
                text80                              76B      76B       10      BF2       0
                text79                              75B      75B       10      BF2       0
                text78                              74B      74B       10      BF2       0
                text77                              73B      73B       10      BF2       0
                text76                              6BC      6BC       17      BF2       0
                text75                              F45      F45        2     1E8A       0
                text74                                2        2        2        0       0
                text73                              F50      F50        3     1EA0       0
                text72                              F72      F72        4     1EE4       0
                text71                              F53      F53        3     1EA6       0
                text70                              F76      F76        4     1EEC       0
                text69                              F9E      F9E        5     1F3C       0
                text68                              FB2      FB2        6     1F64       0
                text67                              F56      F56        3     1EAC       0
                text66                              549      549       25        8       0
                text65                              FA3      FA3        5     1F46       0
                text64                              FDD      FDD        8     1FBA       0
                text63                              FD6      FD6        7     1FAC       0
                text62                              28D      28D       4B        8       0
                text61                              3DE      3DE       3A        8       0
                text60                              FB8      FB8        6     1F70       0
                text59                              F7A      F7A        4     1EF4       0
                text58                              F7E      F7E        4     1EFC       0
                text57                              F82      F82        4     1F04       0
                text56                              F86      F86        4     1F0C       0
                text55                              F8A      F8A        4     1F14       0
                text54                              F8E      F8E        4     1F1C       0
                text53                              F92      F92        4     1F24       0
                text52                              FA8      FA8        5     1F50       0
                text51                              5B6      5B6       23        8       0
                text50                              F59      F59        3     1EB2       0
                text49                              4D5      4D5       2A        8       0
                text48                              F5C      F5C        3     1EB8       0
                text47                              6D3      6D3       16      BF2       0
                text46                              F44      F44        1     1E88       0
                text45                              230      230       5D        8       0
                text44                              7C7      7C7        B      F14       0
                text43                              728      728       13      BF2       0
                text41                              FBE      FBE        6     1F7C       0
                text40                              365      365       3D        8       0
                text39                              1C8      1C8       68        8       0
                text38                              56E      56E       24        8       0
                text37                              F5F      F5F        3     1EBE       0
                text36                              F62      F62        3     1EC4       0
                text35                              F65      F65        3     1ECA       0
                text34                              5F9      5F9       1E      BF2       0
                text33                              F68      F68        3     1ED0       0
                text32                              66D      66D       1C      BF2       0
                text31                              F96      F96        4     1F2C       0
                text30                              F6B      F6B        3     1ED6       0
                text29                              7BC      7BC        B      F14       0
                text28                              FC4      FC4        6     1F88       0
                text27                              2D8      2D8       49        8       0
                text26                              713      713       15      BF2       0
                text25                              617      617       1D      BF2       0
                text24                              F9A      F9A        4     1F34       0
                text23                              524      524       25        8       0
                text22                              798      798        D      F14       0
                text21                              4FF      4FF       25        8       0
                text20                              44E      44E       30        8       0
                text19                              47E      47E       2C        8       0
                text18                              4AA      4AA       2B        8       0
                text17                               75       75       CE        8       0
                text16                              651      651       1C      BF2       0
                text15                              143      143       85        8       0
                text14                              FE5      FE5        9     1FCA       0
                text13                              FEE      FEE        9     1FDC       0
                text12                              FF7      FF7        9     1FEE       0
                text11                              7F7      7F7        9      F14       0
                text10                              7EE      7EE        9      F14       0
                text9                               7E5      7E5        9      F14       0
                text8                               321      321       44        8       0
                text7                               7DC      7DC        9      F14       0
                text6                               7D2      7D2        A      F14       0
                text5                               3A2      3A2       3C        8       0
                text4                               7B1      7B1        B      F14       0
                text3                               FCA      FCA        6     1F94       0
                text2                               6FE      6FE       15      BF2       0
                text1                               6E9      6E9       15      BF2       0
                maintext                            689      689       1B      BF2       0
                cstackBANK0                          48       48       1D       20       1
                cstackCOMMON                         70       70        E       70       1
                cstackBANK2                         128      128        4      120       1
                clrtext                             FD0      FD0        6     1FA0       0
                bssBANK2                            120      120        8      120       1
                bssBANK1                             A0       A0       4F       A0       1
                dataBANK0                            65       65        5       20       1
                bssBANK0                             20       20       28       20       1
                stringtext2                         77B      77B        F      EF6       0
                stringtext1                         5D9      5D9       20      BB2       0
                idataBANK0                          FAD      FAD        5     1F5A       0

TOTAL           Name                               Link     Load   Length     Space
        CLASS   STACK          

        CLASS   CODE           
                end_init                             4A       4A        2         0
                cinit                                4C       4C       29         0
                intentry                              4        4       46         0
                reset_vec                             0        0        2         0
                text91                              6A4      6A4       18         0
                text90                              F47      F47        3         0
                text89                              F43      F43        1         0
                text88                              F6E      F6E        4         0
                text87                              418      418       36         0
                text86                              634      634       1D         0
                text85                              F4A      F4A        3         0
                text84                              F4D      F4D        3         0
                text83                              592      592       24         0
                text82                              7A5      7A5        C         0
                text81                              78A      78A        E         0
                text80                              76B      76B       10         0
                text79                              75B      75B       10         0
                text78                              74B      74B       10         0
                text77                              73B      73B       10         0
                text76                              6BC      6BC       17         0
                text75                              F45      F45        2         0
                text74                                2        2        2         0
                text73                              F50      F50        3         0
                text72                              F72      F72        4         0
                text71                              F53      F53        3         0
                text70                              F76      F76        4         0
                text69                              F9E      F9E        5         0
                text68                              FB2      FB2        6         0
                text67                              F56      F56        3         0
                text66                              549      549       25         0
                text65                              FA3      FA3        5         0
                text64                              FDD      FDD        8         0
                text63                              FD6      FD6        7         0
                text62                              28D      28D       4B         0
                text61                              3DE      3DE       3A         0
                text60                              FB8      FB8        6         0
                text59                              F7A      F7A        4         0
                text58                              F7E      F7E        4         0
                text57                              F82      F82        4         0
                text56                              F86      F86        4         0
                text55                              F8A      F8A        4         0
                text54                              F8E      F8E        4         0
                text53                              F92      F92        4         0
                text52                              FA8      FA8        5         0
                text51                              5B6      5B6       23         0
                text50                              F59      F59        3         0
                text49                              4D5      4D5       2A         0
                text48                              F5C      F5C        3         0
                text47                              6D3      6D3       16         0
                text46                              F44      F44        1         0
                text45                              230      230       5D         0
                text44                              7C7      7C7        B         0
                text43                              728      728       13         0
                text41                              FBE      FBE        6         0
                text40                              365      365       3D         0
                text39                              1C8      1C8       68         0
                text38                              56E      56E       24         0
                text37                              F5F      F5F        3         0
                text36                              F62      F62        3         0
                text35                              F65      F65        3         0
                text34                              5F9      5F9       1E         0
                text33                              F68      F68        3         0
                text32                              66D      66D       1C         0
                text31                              F96      F96        4         0
                text30                              F6B      F6B        3         0
                text29                              7BC      7BC        B         0
                text28                              FC4      FC4        6         0
                text27                              2D8      2D8       49         0
                text26                              713      713       15         0
                text25                              617      617       1D         0
                text24                              F9A      F9A        4         0
                text23                              524      524       25         0
                text22                              798      798        D         0
                text21                              4FF      4FF       25         0
                text20                              44E      44E       30         0
                text19                              47E      47E       2C         0
                text18                              4AA      4AA       2B         0
                text17                               75       75       CE         0
                text16                              651      651       1C         0
                text15                              143      143       85         0
                text14                              FE5      FE5        9         0
                text13                              FEE      FEE        9         0
                text12                              FF7      FF7        9         0
                text11                              7F7      7F7        9         0
                text10                              7EE      7EE        9         0
                text9                               7E5      7E5        9         0
                text8                               321      321       44         0
                text7                               7DC      7DC        9         0
                text6                               7D2      7D2        A         0
                text5                               3A2      3A2       3C         0
                text4                               7B1      7B1        B         0
                text3                               FCA      FCA        6         0
                text2                               6FE      6FE       15         0
                text1                               6E9      6E9       15         0
                maintext                            689      689       1B         0
                clrtext                             FD0      FD0        6         0
                idataBANK0                          FAD      FAD        5         0

        CLASS   STRCODE        
                stringtext2                         77B      77B        F         0
                stringtext1                         5D9      5D9       20         0

        CLASS   STRING         

        CLASS   CONST          

        CLASS   ENTRY          

        CLASS   COMMON         
                cstackCOMMON                         70       70        E         1

        CLASS   BANK0          
                cstackBANK0                          48       48       1D         1
                dataBANK0                            65       65        5         1
                bssBANK0                             20       20       28         1

        CLASS   BANK1          
                bssBANK1                             A0       A0       4F         1

        CLASS   BANK2          
                cstackBANK2                         128      128        4         1
                bssBANK2                            120      120        8         1

        CLASS   BANK3          

        CLASS   BANK4          

        CLASS   BANK5          

        CLASS   BANK6          

        CLASS   BANK7          

        CLASS   BANK8          

        CLASS   BANK9          

        CLASS   BANK10         

        CLASS   BANK11         

        CLASS   BANK12         

        CLASS   BIGRAM         

        CLASS   RAM            

        CLASS   ABS1           
                abs_s1                               7E       7E        2         1

        CLASS   SFR0           

        CLASS   SFR1           

        CLASS   SFR2           

        CLASS   SFR3           

        CLASS   SFR4           

        CLASS   SFR5           

        CLASS   SFR6           

        CLASS   SFR7           

        CLASS   SFR8           

        CLASS   SFR9           

        CLASS   SFR10          

        CLASS   SFR11          

        CLASS   SFR12          

        CLASS   SFR13          

        CLASS   SFR14          

        CLASS   SFR15          

        CLASS   SFR16          

        CLASS   SFR17          

        CLASS   SFR18          

        CLASS   SFR19          

        CLASS   SFR20          

        CLASS   SFR21          

        CLASS   SFR22          

        CLASS   SFR23          

        CLASS   SFR24          

        CLASS   SFR25          

        CLASS   SFR26          

        CLASS   SFR27          

        CLASS   SFR28          

        CLASS   SFR29          

        CLASS   SFR30          

        CLASS   SFR31          

        CLASS   CONFIG         
                config                             8007     8007        3         0

        CLASS   IDLOC          

        CLASS   BANK31         

        CLASS   BANK30         

        CLASS   BANK29         

        CLASS   BANK28         

        CLASS   BANK27         

        CLASS   BANK26         

        CLASS   BANK25         

        CLASS   BANK24         

        CLASS   BANK23         

        CLASS   BANK22         

        CLASS   BANK21         

        CLASS   BANK20         

        CLASS   BANK19         

        CLASS   BANK18         

        CLASS   BANK17         

        CLASS   BANK16         

        CLASS   BANK15         

        CLASS   BANK14         

        CLASS   BANK13         

        CLASS   EEDATA         



SEGMENTS        Name                           Load    Length   Top    Selector   Space  Class     Delta

                reset_vec                      000000  000004  000004         0       0  CODE        2
                intentry                       000004  0005D5  0005D9         8       0  CODE        2
                bssBANK0                       000020  00004A  00006A        20       1  BANK0       1
                cstackCOMMON                   000070  00000E  00007E        70       1  COMMON      1
                bssBANK1                       0000A0  00004F  0000EF        A0       1  BANK1       1
                bssBANK2                       000120  00000C  00012C       120       1  BANK2       1
                stringtext1                    0005D9  000020  0005F9       BB2       0  STRCODE     2
                text34                         0005F9  000182  00077B       BF2       0  CODE        2
                stringtext2                    00077B  00000F  00078A       EF6       0  STRCODE     2
                text81                         00078A  000076  000800       F14       0  CODE        2
                text89                         000F43  000001  000F44      1E86       0  CODE        2
                text46                         000F44  000001  000F45      1E88       0  CODE        2
                text75                         000F45  000002  000F47      1E8A       0  CODE        2
                text90                         000F47  000003  000F4A      1E8E       0  CODE        2
                text85                         000F4A  000003  000F4D      1E94       0  CODE        2
                text84                         000F4D  000003  000F50      1E9A       0  CODE        2
                text73                         000F50  000003  000F53      1EA0       0  CODE        2
                text71                         000F53  000003  000F56      1EA6       0  CODE        2
                text67                         000F56  000003  000F59      1EAC       0  CODE        2
                text50                         000F59  000003  000F5C      1EB2       0  CODE        2
                text48                         000F5C  000003  000F5F      1EB8       0  CODE        2
                text37                         000F5F  000003  000F62      1EBE       0  CODE        2
                text36                         000F62  000003  000F65      1EC4       0  CODE        2
                text35                         000F65  000003  000F68      1ECA       0  CODE        2
                text33                         000F68  000003  000F6B      1ED0       0  CODE        2
                text30                         000F6B  000003  000F6E      1ED6       0  CODE        2
                text88                         000F6E  000004  000F72      1EDC       0  CODE        2
                text72                         000F72  000004  000F76      1EE4       0  CODE        2
                text70                         000F76  000004  000F7A      1EEC       0  CODE        2
                text59                         000F7A  000004  000F7E      1EF4       0  CODE        2
                text58                         000F7E  000004  000F82      1EFC       0  CODE        2
                text57                         000F82  000004  000F86      1F04       0  CODE        2
                text56                         000F86  000004  000F8A      1F0C       0  CODE        2
                text55                         000F8A  000004  000F8E      1F14       0  CODE        2
                text54                         000F8E  000004  000F92      1F1C       0  CODE        2
                text53                         000F92  000004  000F96      1F24       0  CODE        2
                text31                         000F96  000004  000F9A      1F2C       0  CODE        2
                text24                         000F9A  000004  000F9E      1F34       0  CODE        2
                text69                         000F9E  000005  000FA3      1F3C       0  CODE        2
                text65                         000FA3  000005  000FA8      1F46       0  CODE        2
                text52                         000FA8  000005  000FAD      1F50       0  CODE        2
                idataBANK0                     000FAD  000005  000FB2      1F5A       0  CODE        2
                text68                         000FB2  000006  000FB8      1F64       0  CODE        2
                text60                         000FB8  000006  000FBE      1F70       0  CODE        2
                text41                         000FBE  000006  000FC4      1F7C       0  CODE        2
                text28                         000FC4  000006  000FCA      1F88       0  CODE        2
                text3                          000FCA  000006  000FD0      1F94       0  CODE        2
                clrtext                        000FD0  000006  000FD6      1FA0       0  CODE        2
                text63                         000FD6  000007  000FDD      1FAC       0  CODE        2
                text64                         000FDD  000008  000FE5      1FBA       0  CODE        2
                text14                         000FE5  000009  000FEE      1FCA       0  CODE        2
                text13                         000FEE  000009  000FF7      1FDC       0  CODE        2
                text12                         000FF7  000009  001000      1FEE       0  CODE        2
                config                         008007  000003  00800A     1000E       0  CONFIG      2


UNUSED ADDRESS RANGES

        Name                Unused          Largest block    Delta
        BANK0            0006A-0006F               6           1
        BANK1            000EF-000EF               1           1
        BANK10           00520-0056F              50           1
        BANK11           005A0-005EF              50           1
        BANK12           00620-0064F              30           1
        BANK2            0012C-0016F              44           1
        BANK3            001A0-001EF              50           1
        BANK4            00220-0026F              50           1
        BANK5            002A0-002EF              50           1
        BANK6            00320-0036F              50           1
        BANK7            003A0-003EF              50           1
        BANK8            00420-0046F              50           1
        BANK9            004A0-004EF              50           1
        BIGRAM           02000-023EF             3F0           1
        CODE             00800-00F42             743           2
                         01000-01FFF             800
        CONST            00800-00F42             100           2
                         01000-01FFF             100
        ENTRY            00800-00F42             100           2
                         01000-01FFF             100
        IDLOC            08000-08003               4           2
        RAM              0006A-0006F               6           1
                         000EF-000EF               1
                         0012C-0016F              44
                         001A0-001EF              50
                         00220-0026F              50
                         002A0-002EF              50
                         00320-0036F              50
                         003A0-003EF              50
                         00420-0046F              50
                         004A0-004EF              50
                         00520-0056F              50
                         005A0-005EF              50
                         00620-0064F              30
        SFR0             00000-0001F              20           1
        SFR1             00080-0009F              20           1
        SFR10            00500-0051F              20           1
        SFR11            00580-0059F              20           1
        SFR12            00600-0061F              20           1
        SFR13            00680-006EF              70           1
        SFR14            00700-0076F              70           1
        SFR15            00780-007EF              70           1
        SFR16            00800-0086F              70           1
        SFR17            00880-008EF              70           1
        SFR18            00900-0096F              70           1
        SFR19            00980-009EF              70           1
        SFR2             00100-0011F              20           1
        SFR20            00A00-00A6F              70           1
        SFR21            00A80-00AEF              70           1
        SFR22            00B00-00B6F              70           1
        SFR23            00B80-00BEF              70           1
        SFR24            00C00-00C6F              70           1
        SFR25            00C80-00CEF              70           1
        SFR26            00D00-00D6F              70           1
        SFR27            00D80-00DEF              70           1
        SFR28            00E00-00E6F              70           1
        SFR29            00E80-00EEF              70           1
        SFR3             00180-0019F              20           1
        SFR30            00F00-00F6F              70           1
        SFR31            00F80-00FEF              70           1
        SFR4             00200-0021F              20           1
        SFR5             00280-0029F              20           1
        SFR6             00300-0031F              20           1
        SFR7             00380-0039F              20           1
        SFR8             00400-0041F              20           1
        SFR9             00480-0049F              20           1
        STACK            020AC-023EF             344           1
        STRCODE          00800-00F42             743           2
                         01000-01FFF            1000
        STRING           00800-00F42             100           2
                         01000-01FFF             100

                                  Symbol Table

?_SHT3x_CalcRelativeHumidity                     cstackBANK0  00057
?_SHT3x_CalcTemperatureC                         cstackBANK0  00057
?___lmul                                         cstackBANK0  0004B
?___wmul                                         cstackBANK0  0004B
COS_Init@tempbyte1                               cstackBANK0  0004E
COS_Init@tempbyte2                               cstackBANK0  0004F
COS_TmrHandler@tempbyte1                         cstackBANK0  0004F
COS_TmrHandler@tempbyte2                         cstackBANK0  00050
EUSART_SetErrorHandler@interruptHandler          cstackBANK0  0004B
EUSART_SetFramingErrorHandler@interruptHandler   cstackBANK0  0004B
EUSART_SetOverrunErrorHandler@interruptHandler   cstackBANK0  0004B
EUSART_SetRxInterruptHandler@interruptHandler    cstackBANK0  0004B
EUSART_SetTxInterruptHandler@interruptHandler    cstackBANK0  0004B
EUSART_Write@txData                              cstackBANK0  0004C
I2C_CallbackReturnReset@funPtr                   cstackCOMMON 00079
I2C_Close@returnValue                            cstackBANK0  0004C
I2C_MasterOperation@read                         cstackBANK0  0004C
I2C_MasterOperation@returnValue                  cstackBANK0  0004D
I2C_MasterSendTxData@data                        cstackCOMMON 00070
I2C_Open@address                                 cstackBANK0  0004E
I2C_Open@returnValue                             cstackBANK0  0004F
I2C_ReadNBytes@address                           cstackBANK0  00053
I2C_ReadNBytes@data                              cstackBANK0  00050
I2C_ReadNBytes@len                               cstackBANK0  00051
I2C_SetAddressNackCallback@cb                    cstackBANK0  00050
I2C_SetAddressNackCallback@ptr                   cstackBANK0  00052
I2C_SetBuffer@buffer                             cstackBANK0  0004E
I2C_SetBuffer@bufferSize                         cstackBANK0  0004B
I2C_SetCallback@cb                               cstackBANK0  0004B
I2C_SetCallback@idx                              cstackBANK0  0004F
I2C_SetCallback@ptr                              cstackBANK0  0004D
I2C_SetDataCompleteCallback@cb                   cstackCOMMON 00075
I2C_SetDataCompleteCallback@ptr                  cstackCOMMON 00077
I2C_SetInterruptHandler@InterruptHandler         cstackBANK0  0004B
I2C_WriteNBytes@address                          cstackBANK0  00057
I2C_WriteNBytes@data                             cstackBANK0  00054
I2C_WriteNBytes@len                              cstackBANK0  00055
PWM3_LoadDutyValue@dutyValue                     cstackCOMMON 00070
SHT3x_CalcRelativeHumidity@RelativeHumidityTemp  cstackBANK0  0005C
SHT3x_CalcRelativeHumidity@RelativeHumidity_UBP8 cstackBANK0  0005A
SHT3x_CalcTemperatureC@TemperatureTemp           cstackBANK0  0005B
SHT3x_CalcTemperatureC@Temperature_UBP8          cstackBANK0  00059
TMR2_ISR@CountCallBack                           bssBANK0     0002C
TMR2_SetInterruptHandler@InterruptHandler        cstackBANK0  0004B
_ADCON0                                          (abs)        0009D
_ADCON0bits                                      (abs)        0009D
_ADCON1                                          (abs)        0009E
_ADCON2                                          (abs)        0009F
_ADC_Initialize                                  text14       00FE5
_ADRESH                                          (abs)        0009C
_ADRESL                                          (abs)        0009B
_ANSELA                                          (abs)        0018C
_ANSELB                                          (abs)        0018D
_ANSELC                                          (abs)        0018E
_BAUD1CON                                        (abs)        0019F
_BORCON                                          (abs)        00116
_BreathState                                     dataBANK0    00067
_CCPTMRSbits                                     (abs)        0029E
_COS_Init                                        text40       00365
_COS_TimerSetup                                  text41       00FBE
_COS_TmrHandler                                  text39       001C8
_COS_TskMan                                      text15       00143
_COS_ms_tmr                                      bssBANK1     000D9
_COS_sec_tmr                                     bssBANK1     000D7
_COS_tcnt_lst                                    bssBANK0     00028
_COS_tcnt_val                                    bssBANK0     0002A
_COS_tsk                                         stringtext2  0077B
_COS_tsk_ena                                     bssBANK0     00040
_COS_tsk_ind                                     bssBANK0     0003F
_COS_tsk_msk                                     bssBANK0     0003E
_COS_tsk_tmr                                     bssBANK1     000D5
_Command                                         dataBANK0    00068
_EUSART_DefaultErrorHandler                      text90       00F47
_EUSART_DefaultFramingErrorHandler               text89       00F43
_EUSART_DefaultOverrunErrorHandler               text88       00F6E
_EUSART_ErrorHandler                             bssBANK1     000DD
_EUSART_FramingErrorHandler                      bssBANK1     000E1
_EUSART_Initialize                               text8        00321
_EUSART_OverrunErrorHandler                      bssBANK1     000DF
_EUSART_Receive_ISR                              text87       00418
_EUSART_RxDataHandler                            text91       006A4
_EUSART_RxDefaultInterruptHandler                bssBANK1     000E3
_EUSART_SetErrorHandler                          text13       00FEE
_EUSART_SetFramingErrorHandler                   text12       00FF7
_EUSART_SetOverrunErrorHandler                   text11       007F7
_EUSART_SetRxInterruptHandler                    text10       007EE
_EUSART_SetTxInterruptHandler                    text9        007E5
_EUSART_Transmit_ISR                             text86       00634
_EUSART_TxDefaultInterruptHandler                bssBANK1     000E5
_EUSART_Write                                    text38       0056E
_I2C_CallbackReturnReset                         text74       00002
_I2C_CallbackReturnStop                          text75       00F45
_I2C_Close                                       text34       005F9
_I2C_DO_ADDRESS_NACK                             text51       005B6
_I2C_DO_IDLE                                     text65       00FA3
_I2C_DO_RCEN                                     text60       00FB8
_I2C_DO_RESET                                    text52       00FA8
_I2C_DO_RX                                       text61       003DE
_I2C_DO_RX_ACK                                   text55       00F8A
_I2C_DO_RX_NACK_RESTART                          text53       00F92
_I2C_DO_RX_NACK_STOP                             text54       00F8E
_I2C_DO_SEND_ADR_READ                            text64       00FDD
_I2C_DO_SEND_ADR_WRITE                           text63       00FD6
_I2C_DO_SEND_RESTART                             text57       00F82
_I2C_DO_SEND_RESTART_READ                        text59       00F7A
_I2C_DO_SEND_RESTART_WRITE                       text58       00F7E
_I2C_DO_SEND_STOP                                text56       00F86
_I2C_DO_TX                                       text62       0028D
_I2C_DO_TX$613                                   cstackCOMMON 0007B
_I2C_DO_TX_EMPTY                                 text66       00549
_I2C_Initialize                                  text7        007DC
_I2C_MasterClearIrq                              text37       00F5F
_I2C_MasterClose                                 text36       00F62
_I2C_MasterDisableIrq                            text35       00F65
_I2C_MasterEnableIrq                             text30       00F6B
_I2C_MasterEnableRestart                         text85       00F4A
_I2C_MasterFsm                                   text49       004D5
_I2C_MasterGetRxData                             text71       00F53
_I2C_MasterIsNack                                text68       00FB2
_I2C_MasterIsr                                   text48       00F5C
_I2C_MasterOpen                                  text29       007BC
_I2C_MasterOperation                             text32       0066D
_I2C_MasterRead                                  text31       00F96
_I2C_MasterSendTxData                            text69       00F9E
_I2C_MasterSetIrq                                text67       00F56
_I2C_MasterStart                                 text33       00F68
_I2C_MasterStartRx                               text73       00F50
_I2C_MasterStop                                  text84       00F4D
_I2C_MasterWrite                                 text24       00F9A
_I2C_Open                                        text27       002D8
_I2C_ReadNBytes                                  text25       00617
_I2C_SetAddressNackCallback                      text22       00798
_I2C_SetBuffer                                   text26       00713
_I2C_SetCallback                                 text23       00524
_I2C_SetDataCompleteCallback                     text82       007A5
_I2C_SetInterruptHandler                         text28       00FC4
_I2C_Status                                      bssBANK1     000A0
_I2C_WriteNBytes                                 text21       004FF
_INLVLA                                          (abs)        0038C
_INLVLB                                          (abs)        0038D
_INLVLC                                          (abs)        0038E
_INTCONbits                                      (abs)        0000B
_INTERRUPT_InterruptManager                      intentry     00004
_LATA                                            (abs)        0010C
_LATAbits                                        (abs)        0010C
_LATB                                            (abs)        0010D
_LATBbits                                        (abs)        0010D
_LATC                                            (abs)        0010E
_Led2_PWM                                        text45       00230
_MSSP_InterruptHandler                           bssBANK0     00030
_NewMessageFlag                                  bssBANK0     00033
_ODCONA                                          (abs)        0028C
_ODCONB                                          (abs)        0028D
_ODCONC                                          (abs)        0028E
_OPTION_REGbits                                  (abs)        00095
_OSCCON                                          (abs)        00099
_OSCILLATOR_Initialize                           text6        007D2
_OSCTUNE                                         (abs)        00098
_PIE1bits                                        (abs)        00090
_PIE2bits                                        (abs)        00091
_PIN_MANAGER_Initialize                          text5        003A2
_PIR1bits                                        (abs)        00010
_PIR2bits                                        (abs)        00011
_PLLR                                            (abs)        004D6
_PR2                                             (abs)        0001B
_PWM3CON                                         (abs)        00619
_PWM3DCH                                         (abs)        00618
_PWM3DCL                                         (abs)        00617
_PWM3_Initialize                                 text4        007B1
_PWM3_LoadDutyValue                              text47       006D3
_RB4PPS                                          (abs)        00E9C
_RB6PPS                                          (abs)        00E9E
_RB7PPS                                          (abs)        00E9F
_RC1REG                                          (abs)        00199
_RC1STA                                          (abs)        0019D
_RC1STAbits                                      (abs)        0019D
_RC5PPS                                          (abs)        00EA5
_RXPPS                                           (abs)        00E24
_RelativeHumidityRaw                             bssBANK0     00020
_RelativeHumidityRaw_H                           bssBANK0     00036
_RelativeHumidityRaw_L                           bssBANK0     00035
_RxBuff                                          bssBANK1     000E7
_SHT25_Fault                                     bssBANK0     0003B
_SHT25_State                                     bssBANK0     00034
_SHT25_StateMachine                              text17       00075
_SHT3x_CalcRelativeHumidity                      text19       0047E
_SHT3x_CalcTemperatureC                          text18       004AA
_SLRCONA                                         (abs)        0030C
_SLRCONB                                         (abs)        0030D
_SLRCONC                                         (abs)        0030E
_SPBRGH                                          (abs)        0019C
_SPBRGL                                          (abs)        0019B
_SSP1ADD                                         (abs)        00212
_SSP1BUF                                         (abs)        00211
_SSP1CON1                                        (abs)        00215
_SSP1CON1bits                                    (abs)        00215
_SSP1CON2                                        (abs)        00216
_SSP1CON2bits                                    (abs)        00216
_SSP1IE                                          (abs)        00483
_SSP1IF                                          (abs)        00083
_SSP1STAT                                        (abs)        00214
_SSP1STATbits                                    (abs)        00214
_SSPCLKPPS                                       (abs)        00E20
_SSPDATPPS                                       (abs)        00E21
_SSPEN                                           (abs)        010AD
_SYSTEM_Initialize                               text1        006E9
_SensirionRH_UBP8                                bssBANK1     000D1
_SensirionTemperature_UBP8                       bssBANK1     000D3
_T1CON                                           (abs)        00018
_T2CLKCON                                        (abs)        0001E
_T2CON                                           (abs)        0001C
_T2CONbits                                       (abs)        0001C
_T2HLT                                           (abs)        0001D
_T2HLTbits                                       (abs)        0001D
_T2PR                                            (abs)        0001B
_T2RST                                           (abs)        0001F
_T2RSTbits                                       (abs)        0001F
_T2TMR                                           (abs)        0001A
_TMR1H                                           (abs)        00017
_TMR1L                                           (abs)        00016
_TMR2                                            (abs)        0001A
_TMR2_CallBack                                   text44       007C7
_TMR2_DefaultInterruptHandler                    text46       00F44
_TMR2_ISR                                        text43       00728
_TMR2_Initialize                                 text2        006FE
_TMR2_InterruptHandler                           bssBANK0     0002E
_TMR2_SetInterruptHandler                        text3        00FCA
_TRISA                                           (abs)        0008C
_TRISB                                           (abs)        0008D
_TRISC                                           (abs)        0008E
_TX1REG                                          (abs)        0019A
_TX1STA                                          (abs)        0019E
_TX1STAbits                                      (abs)        0019E
_TemperatureRaw                                  bssBANK0     00022
_TemperatureRaw_H                                bssBANK0     00038
_TemperatureRaw_L                                bssBANK0     00037
_TimerCounter                                    bssBANK1     000CD
_U8Message                                       dataBANK0    00065
_WPUA                                            (abs)        0020C
_WPUB                                            (abs)        0020D
_WPUC                                            (abs)        0020E
__CFG_BOREN$ON                                   (abs)        00000
__CFG_BORV$LO                                    (abs)        00000
__CFG_CLKOUTEN$OFF                               (abs)        00000
__CFG_CP$OFF                                     (abs)        00000
__CFG_FCMEN$ON                                   (abs)        00000
__CFG_FOSC$INTOSC                                (abs)        00000
__CFG_IESO$ON                                    (abs)        00000
__CFG_LPBOR$OFF                                  (abs)        00000
__CFG_LVP$ON                                     (abs)        00000
__CFG_MCLRE$ON                                   (abs)        00000
__CFG_PLLEN$ON                                   (abs)        00000
__CFG_PPS1WAY$ON                                 (abs)        00000
__CFG_PWRTE$OFF                                  (abs)        00000
__CFG_STVREN$ON                                  (abs)        00000
__CFG_WDTCCS$SWC                                 (abs)        00000
__CFG_WDTCPS$WDTCPS1F                            (abs)        00000
__CFG_WDTCWS$WDTCWSSW                            (abs)        00000
__CFG_WDTE$OFF                                   (abs)        00000
__CFG_WRT$OFF                                    (abs)        00000
__CFG_ZCD$OFF                                    (abs)        00000
__Habs1                                          abs1         00000
__Hbank0                                         bank0        00000
__Hbank1                                         bank1        00000
__Hbank10                                        bank10       00000
__Hbank11                                        bank11       00000
__Hbank12                                        bank12       00000
__Hbank13                                        bank13       00000
__Hbank14                                        bank14       00000
__Hbank15                                        bank15       00000
__Hbank16                                        bank16       00000
__Hbank17                                        bank17       00000
__Hbank18                                        bank18       00000
__Hbank19                                        bank19       00000
__Hbank2                                         bank2        00000
__Hbank20                                        bank20       00000
__Hbank21                                        bank21       00000
__Hbank22                                        bank22       00000
__Hbank23                                        bank23       00000
__Hbank24                                        bank24       00000
__Hbank25                                        bank25       00000
__Hbank26                                        bank26       00000
__Hbank27                                        bank27       00000
__Hbank28                                        bank28       00000
__Hbank29                                        bank29       00000
__Hbank3                                         bank3        00000
__Hbank30                                        bank30       00000
__Hbank31                                        bank31       00000
__Hbank4                                         bank4        00000
__Hbank5                                         bank5        00000
__Hbank6                                         bank6        00000
__Hbank7                                         bank7        00000
__Hbank8                                         bank8        00000
__Hbank9                                         bank9        00000
__Hbigram                                        bigram       00000
__HbssBANK0                                      bssBANK0     00000
__HbssBANK1                                      bssBANK1     00000
__HbssBANK2                                      bssBANK2     00000
__Hcinit                                         cinit        00075
__Hclrtext                                       clrtext      00000
__Hcode                                          code         00000
__Hcommon                                        common       00000
__Hconfig                                        config       0800A
__HcstackBANK0                                   cstackBANK0  00000
__HcstackBANK2                                   cstackBANK2  00000
__HcstackCOMMON                                  cstackCOMMON 00000
__HdataBANK0                                     dataBANK0    00000
__Heeprom_data                                   eeprom_data  00000
__Hend_init                                      end_init     0004C
__Hfunctab                                       functab      00000
__HidataBANK0                                    idataBANK0   00000
__Hidloc                                         idloc        00000
__Hinit                                          init         0004A
__Hintentry                                      intentry     0004A
__Hmaintext                                      maintext     00000
__Hpowerup                                       powerup      00000
__Hram                                           ram          00000
__Hreset_vec                                     reset_vec    00002
__Hsfr0                                          sfr0         00000
__Hsfr1                                          sfr1         00000
__Hsfr10                                         sfr10        00000
__Hsfr11                                         sfr11        00000
__Hsfr12                                         sfr12        00000
__Hsfr13                                         sfr13        00000
__Hsfr14                                         sfr14        00000
__Hsfr15                                         sfr15        00000
__Hsfr16                                         sfr16        00000
__Hsfr17                                         sfr17        00000
__Hsfr18                                         sfr18        00000
__Hsfr19                                         sfr19        00000
__Hsfr2                                          sfr2         00000
__Hsfr20                                         sfr20        00000
__Hsfr21                                         sfr21        00000
__Hsfr22                                         sfr22        00000
__Hsfr23                                         sfr23        00000
__Hsfr24                                         sfr24        00000
__Hsfr25                                         sfr25        00000
__Hsfr26                                         sfr26        00000
__Hsfr27                                         sfr27        00000
__Hsfr28                                         sfr28        00000
__Hsfr29                                         sfr29        00000
__Hsfr3                                          sfr3         00000
__Hsfr30                                         sfr30        00000
__Hsfr31                                         sfr31        00000
__Hsfr4                                          sfr4         00000
__Hsfr5                                          sfr5         00000
__Hsfr6                                          sfr6         00000
__Hsfr7                                          sfr7         00000
__Hsfr8                                          sfr8         00000
__Hsfr9                                          sfr9         00000
__Hspace_0                                       (abs)        0800A
__Hspace_1                                       (abs)        0012C
__Hspace_2                                       (abs)        00000
__Hspace_3                                       (abs)        00000
__Hstack                                         stack        00000
__Hstrings                                       strings      00000
__Hstringtext1                                   stringtext1  00000
__Hstringtext2                                   stringtext2  00000
__Htext                                          text         00000
__Labs1                                          abs1         00000
__Lbank0                                         bank0        00000
__Lbank1                                         bank1        00000
__Lbank10                                        bank10       00000
__Lbank11                                        bank11       00000
__Lbank12                                        bank12       00000
__Lbank13                                        bank13       00000
__Lbank14                                        bank14       00000
__Lbank15                                        bank15       00000
__Lbank16                                        bank16       00000
__Lbank17                                        bank17       00000
__Lbank18                                        bank18       00000
__Lbank19                                        bank19       00000
__Lbank2                                         bank2        00000
__Lbank20                                        bank20       00000
__Lbank21                                        bank21       00000
__Lbank22                                        bank22       00000
__Lbank23                                        bank23       00000
__Lbank24                                        bank24       00000
__Lbank25                                        bank25       00000
__Lbank26                                        bank26       00000
__Lbank27                                        bank27       00000
__Lbank28                                        bank28       00000
__Lbank29                                        bank29       00000
__Lbank3                                         bank3        00000
__Lbank30                                        bank30       00000
__Lbank31                                        bank31       00000
__Lbank4                                         bank4        00000
__Lbank5                                         bank5        00000
__Lbank6                                         bank6        00000
__Lbank7                                         bank7        00000
__Lbank8                                         bank8        00000
__Lbank9                                         bank9        00000
__Lbigram                                        bigram       00000
__LbssBANK0                                      bssBANK0     00000
__LbssBANK1                                      bssBANK1     00000
__LbssBANK2                                      bssBANK2     00000
__Lcinit                                         cinit        0004C
__Lclrtext                                       clrtext      00000
__Lcode                                          code         00000
__Lcommon                                        common       00000
__Lconfig                                        config       08007
__LcstackBANK0                                   cstackBANK0  00000
__LcstackBANK2                                   cstackBANK2  00000
__LcstackCOMMON                                  cstackCOMMON 00000
__LdataBANK0                                     dataBANK0    00000
__Leeprom_data                                   eeprom_data  00000
__Lend_init                                      end_init     0004A
__Lfunctab                                       functab      00000
__LidataBANK0                                    idataBANK0   00000
__Lidloc                                         idloc        00000
__Linit                                          init         0004A
__Lintentry                                      intentry     00004
__Lmaintext                                      maintext     00000
__Lpowerup                                       powerup      00000
__Lram                                           ram          00000
__Lreset_vec                                     reset_vec    00000
__Lsfr0                                          sfr0         00000
__Lsfr1                                          sfr1         00000
__Lsfr10                                         sfr10        00000
__Lsfr11                                         sfr11        00000
__Lsfr12                                         sfr12        00000
__Lsfr13                                         sfr13        00000
__Lsfr14                                         sfr14        00000
__Lsfr15                                         sfr15        00000
__Lsfr16                                         sfr16        00000
__Lsfr17                                         sfr17        00000
__Lsfr18                                         sfr18        00000
__Lsfr19                                         sfr19        00000
__Lsfr2                                          sfr2         00000
__Lsfr20                                         sfr20        00000
__Lsfr21                                         sfr21        00000
__Lsfr22                                         sfr22        00000
__Lsfr23                                         sfr23        00000
__Lsfr24                                         sfr24        00000
__Lsfr25                                         sfr25        00000
__Lsfr26                                         sfr26        00000
__Lsfr27                                         sfr27        00000
__Lsfr28                                         sfr28        00000
__Lsfr29                                         sfr29        00000
__Lsfr3                                          sfr3         00000
__Lsfr30                                         sfr30        00000
__Lsfr31                                         sfr31        00000
__Lsfr4                                          sfr4         00000
__Lsfr5                                          sfr5         00000
__Lsfr6                                          sfr6         00000
__Lsfr7                                          sfr7         00000
__Lsfr8                                          sfr8         00000
__Lsfr9                                          sfr9         00000
__Lspace_0                                       (abs)        00000
__Lspace_1                                       (abs)        00000
__Lspace_2                                       (abs)        00000
__Lspace_3                                       (abs)        00000
__Lstack                                         stack        00000
__Lstrings                                       strings      00000
__Lstringtext1                                   stringtext1  00000
__Lstringtext2                                   stringtext2  00000
__Ltext                                          text         00000
__S0                                             (abs)        0800A
__S1                                             (abs)        0012C
__S2                                             (abs)        00000
___int_sp                                        stack        00000
___latbits                                       (abs)        00002
___lmul                                          text20       0044E
___lmul@multiplicand                             cstackBANK0  0004F
___lmul@multiplier                               cstackBANK0  0004B
___lmul@product                                  cstackBANK0  00053
___sp                                            stack        00000
___wmul                                          text16       00651
___wmul@multiplicand                             cstackBANK0  0004D
___wmul@multiplier                               cstackBANK0  0004B
___wmul@product                                  cstackBANK0  0004F
__end_of_ADC_Initialize                          text14       00FEE
__end_of_COS_Init                                text40       003A2
__end_of_COS_TimerSetup                          text41       00FC4
__end_of_COS_TmrHandler                          text39       00230
__end_of_COS_TskMan                              text15       001C8
__end_of_COS_tsk                                 stringtext2  0078A
__end_of_EUSART_DefaultErrorHandler              text90       00F4A
__end_of_EUSART_DefaultFramingErrorHandler       text89       00F44
__end_of_EUSART_DefaultOverrunErrorHandler       text88       00F72
__end_of_EUSART_Initialize                       text8        00365
__end_of_EUSART_Receive_ISR                      text87       0044E
__end_of_EUSART_RxDataHandler                    text91       006BC
__end_of_EUSART_SetErrorHandler                  text13       00FF7
__end_of_EUSART_SetFramingErrorHandler           text12       01000
__end_of_EUSART_SetOverrunErrorHandler           text11       00800
__end_of_EUSART_SetRxInterruptHandler            text10       007F7
__end_of_EUSART_SetTxInterruptHandler            text9        007EE
__end_of_EUSART_Transmit_ISR                     text86       00651
__end_of_EUSART_Write                            text38       00592
__end_of_I2C_CallbackReturnReset                 text74       00004
__end_of_I2C_CallbackReturnStop                  text75       00F47
__end_of_I2C_Close                               text34       00617
__end_of_I2C_DO_ADDRESS_NACK                     text51       005D9
__end_of_I2C_DO_IDLE                             text65       00FA8
__end_of_I2C_DO_RCEN                             text60       00FBE
__end_of_I2C_DO_RESET                            text52       00FAD
__end_of_I2C_DO_RX                               text61       00418
__end_of_I2C_DO_RX_ACK                           text55       00F8E
__end_of_I2C_DO_RX_NACK_RESTART                  text53       00F96
__end_of_I2C_DO_RX_NACK_STOP                     text54       00F92
__end_of_I2C_DO_SEND_ADR_READ                    text64       00FE5
__end_of_I2C_DO_SEND_ADR_WRITE                   text63       00FDD
__end_of_I2C_DO_SEND_RESTART                     text57       00F86
__end_of_I2C_DO_SEND_RESTART_READ                text59       00F7E
__end_of_I2C_DO_SEND_RESTART_WRITE               text58       00F82
__end_of_I2C_DO_SEND_STOP                        text56       00F8A
__end_of_I2C_DO_TX                               text62       002D8
__end_of_I2C_DO_TX_EMPTY                         text66       0056E
__end_of_I2C_Initialize                          text7        007E5
__end_of_I2C_MasterClearIrq                      text37       00F62
__end_of_I2C_MasterClose                         text36       00F65
__end_of_I2C_MasterDisableIrq                    text35       00F68
__end_of_I2C_MasterEnableIrq                     text30       00F6E
__end_of_I2C_MasterEnableRestart                 text85       00F4D
__end_of_I2C_MasterFsm                           text49       004FF
__end_of_I2C_MasterGetRxData                     text71       00F56
__end_of_I2C_MasterIsNack                        text68       00FB8
__end_of_I2C_MasterIsr                           text48       00F5F
__end_of_I2C_MasterOpen                          text29       007C7
__end_of_I2C_MasterOperation                     text32       00689
__end_of_I2C_MasterRead                          text31       00F9A
__end_of_I2C_MasterSendTxData                    text69       00FA3
__end_of_I2C_MasterSetIrq                        text67       00F59
__end_of_I2C_MasterStart                         text33       00F6B
__end_of_I2C_MasterStartRx                       text73       00F53
__end_of_I2C_MasterStop                          text84       00F50
__end_of_I2C_MasterWrite                         text24       00F9E
__end_of_I2C_Open                                text27       00321
__end_of_I2C_ReadNBytes                          text25       00634
__end_of_I2C_SetAddressNackCallback              text22       007A5
__end_of_I2C_SetBuffer                           text26       00728
__end_of_I2C_SetCallback                         text23       00549
__end_of_I2C_SetDataCompleteCallback             text82       007B1
__end_of_I2C_SetInterruptHandler                 text28       00FCA
__end_of_I2C_WriteNBytes                         text21       00524
__end_of_INTERRUPT_InterruptManager              intentry     0004A
__end_of_Led2_PWM                                text45       0028D
__end_of_OSCILLATOR_Initialize                   text6        007DC
__end_of_PIN_MANAGER_Initialize                  text5        003DE
__end_of_PWM3_Initialize                         text4        007BC
__end_of_PWM3_LoadDutyValue                      text47       006E9
__end_of_SHT25_StateMachine                      text17       00143
__end_of_SHT3x_CalcRelativeHumidity              text19       004AA
__end_of_SHT3x_CalcTemperatureC                  text18       004D5
__end_of_SYSTEM_Initialize                       text1        006FE
__end_of_TMR2_CallBack                           text44       007D2
__end_of_TMR2_DefaultInterruptHandler            text46       00F45
__end_of_TMR2_ISR                                text43       0073B
__end_of_TMR2_Initialize                         text2        00713
__end_of_TMR2_SetInterruptHandler                text3        00FD0
__end_of___lmul                                  text20       0047E
__end_of___wmul                                  text16       0066D
__end_of__initialization                         cinit        00071
__end_of_fsmStateTable                           stringtext1  005F9
__end_of_main                                    maintext     006A4
__end_of_rd1RegCompleteHandler                   text79       0076B
__end_of_rd2RegCompleteHandler                   text78       0075B
__end_of_rdBlkRegCompleteHandler                 text76       006D3
__end_of_wr1RegCompleteHandler                   text77       0074B
__end_of_wr2RegCompleteHandler                   text80       0077B
__end_ofi1_I2C_MasterClearIrq                    text50       00F5C
__end_ofi1_I2C_SetBuffer                         text81       00798
__end_ofi1_I2C_SetCallback                       text83       005B6
__end_ofi2c_master@I2C_MasterSendAck             text70       00F7A
__end_ofi2c_master@I2C_MasterSendNack            text72       00F76
__initialization                                 cinit        0004C
__pbssBANK0                                      bssBANK0     00020
__pbssBANK1                                      bssBANK1     000A0
__pbssBANK2                                      bssBANK2     00120
__pcstackBANK0                                   cstackBANK0  00048
__pcstackBANK2                                   cstackBANK2  00128
__pcstackCOMMON                                  cstackCOMMON 00070
__pdataBANK0                                     dataBANK0    00065
__pidataBANK0                                    idataBANK0   00FAD
__pintentry                                      intentry     00004
__pmaintext                                      maintext     00689
__pstringtext1                                   stringtext1  005D9
__pstringtext2                                   stringtext2  0077B
__ptext1                                         text1        006E9
__ptext10                                        text10       007EE
__ptext11                                        text11       007F7
__ptext12                                        text12       00FF7
__ptext13                                        text13       00FEE
__ptext14                                        text14       00FE5
__ptext15                                        text15       00143
__ptext16                                        text16       00651
__ptext17                                        text17       00075
__ptext18                                        text18       004AA
__ptext19                                        text19       0047E
__ptext2                                         text2        006FE
__ptext20                                        text20       0044E
__ptext21                                        text21       004FF
__ptext22                                        text22       00798
__ptext23                                        text23       00524
__ptext24                                        text24       00F9A
__ptext25                                        text25       00617
__ptext26                                        text26       00713
__ptext27                                        text27       002D8
__ptext28                                        text28       00FC4
__ptext29                                        text29       007BC
__ptext3                                         text3        00FCA
__ptext30                                        text30       00F6B
__ptext31                                        text31       00F96
__ptext32                                        text32       0066D
__ptext33                                        text33       00F68
__ptext34                                        text34       005F9
__ptext35                                        text35       00F65
__ptext36                                        text36       00F62
__ptext37                                        text37       00F5F
__ptext38                                        text38       0056E
__ptext39                                        text39       001C8
__ptext4                                         text4        007B1
__ptext40                                        text40       00365
__ptext41                                        text41       00FBE
__ptext43                                        text43       00728
__ptext44                                        text44       007C7
__ptext45                                        text45       00230
__ptext46                                        text46       00F44
__ptext47                                        text47       006D3
__ptext48                                        text48       00F5C
__ptext49                                        text49       004D5
__ptext5                                         text5        003A2
__ptext50                                        text50       00F59
__ptext51                                        text51       005B6
__ptext52                                        text52       00FA8
__ptext53                                        text53       00F92
__ptext54                                        text54       00F8E
__ptext55                                        text55       00F8A
__ptext56                                        text56       00F86
__ptext57                                        text57       00F82
__ptext58                                        text58       00F7E
__ptext59                                        text59       00F7A
__ptext6                                         text6        007D2
__ptext60                                        text60       00FB8
__ptext61                                        text61       003DE
__ptext62                                        text62       0028D
__ptext63                                        text63       00FD6
__ptext64                                        text64       00FDD
__ptext65                                        text65       00FA3
__ptext66                                        text66       00549
__ptext67                                        text67       00F56
__ptext68                                        text68       00FB2
__ptext69                                        text69       00F9E
__ptext7                                         text7        007DC
__ptext70                                        text70       00F76
__ptext71                                        text71       00F53
__ptext72                                        text72       00F72
__ptext73                                        text73       00F50
__ptext74                                        text74       00002
__ptext75                                        text75       00F45
__ptext76                                        text76       006BC
__ptext77                                        text77       0073B
__ptext78                                        text78       0074B
__ptext79                                        text79       0075B
__ptext8                                         text8        00321
__ptext80                                        text80       0076B
__ptext81                                        text81       0078A
__ptext82                                        text82       007A5
__ptext83                                        text83       00592
__ptext84                                        text84       00F4D
__ptext85                                        text85       00F4A
__ptext86                                        text86       00634
__ptext87                                        text87       00418
__ptext88                                        text88       00F6E
__ptext89                                        text89       00F43
__ptext9                                         text9        007E5
__ptext90                                        text90       00F47
__ptext91                                        text91       006A4
__size_of_ADC_Initialize                         (abs)        00000
__size_of_COS_Init                               (abs)        00000
__size_of_COS_TimerSetup                         (abs)        00000
__size_of_COS_TmrHandler                         (abs)        00000
__size_of_COS_TskMan                             (abs)        00000
[...]
                  1    wreg      void 
 Registers used:
		wreg, fsr1l, fsr1h, status,2, status,0, pclath, cstack
 Tracked objects:
		On entry : 
		On exit  : 
		Unchanged: 
 Data sizes:     COMMON   BANK0   BANK1   BANK2   BANK3   BANK4   BANK5   BANK6   BANK7   BANK8   BANK9  BANK10  BANK11  BANK12
      Params:         3       0       0       0       0       0       0       0       0       0       0       0       0       0
      Locals:         0       0       0       0       0       0       0       0       0       0       0       0       0       0
      Temps:          1       0       0       0       0       0       0       0       0       0       0       0       0       0
      Totals:         4       0       0       0       0       0       0       0       0       0       0       0       0       0
Total ram usage:        4 bytes
 Hardware stack levels used:    1
 Hardware stack levels required when called:    1
 This function calls:
		i1_I2C_SetCallback
 This function is called by:
		_rd1RegCompleteHandler
		_rd2RegCompleteHandler
		_wr1RegCompleteHandler
		_wr2RegCompleteHandler
		_rdBlkRegCompleteHandler
		_I2C_Read1ByteRegister
		_I2C_Read2ByteRegister
		_I2C_Write1ByteRegister
		_I2C_Write2ByteRegister
		_I2C_ReadDataBlock
 This function uses a non-reentrant model


 *************** function i1_I2C_SetCallback *****************
 Defined at:
		line 304 in file "mcc_generated_files/i2c_master.c"
 Parameters:    Size  Location     Type
  idx             1    wreg     enum E12128
  cb              2    0[COMMON] PTR FTN(PTR void ,)enum 
		 -> rdBlkRegCompleteHandler(1), wr2RegCompleteHandler(1), wr1RegCompleteHandler(1), rd2RegCompleteHandler(1), 
		 -> Absolute function(1), rd1RegCompleteHandler(1), 
  ptr             1    2[COMMON] PTR void 
		 -> I2C_ReadDataBlock@bufferBlock(3), I2C_Write2ByteRegister@data(2), I2C_Write1ByteRegister@data(1), I2C_Read2ByteRegister@returnValue(2), 
		 -> NULL(0), I2C_Read1ByteRegister@returnValue(1), 
 Auto vars:     Size  Location     Type
  idx             1    4[COMMON] enum E12128
 Return value:  Size  Location     Type
                  1    wreg      void 
 Registers used:
		wreg, fsr1l, fsr1h, status,2, status,0
 Tracked objects:
		On entry : 
		On exit  : 
		Unchanged: 
 Data sizes:     COMMON   BANK0   BANK1   BANK2   BANK3   BANK4   BANK5   BANK6   BANK7   BANK8   BANK9  BANK10  BANK11  BANK12
      Params:         3       0       0       0       0       0       0       0       0       0       0       0       0       0
      Locals:         1       0       0       0       0       0       0       0       0       0       0       0       0       0
      Temps:          1       0       0       0       0       0       0       0       0       0       0       0       0       0
      Totals:         5       0       0       0       0       0       0       0       0       0       0       0       0       0
Total ram usage:        5 bytes
 Hardware stack levels used:    1
 This function calls:
		Nothing
 This function is called by:
		_I2C_SetDataCompleteCallback
 This function uses a non-reentrant model


 *************** function _I2C_MasterStop *****************
 Defined at:
		line 594 in file "mcc_generated_files/i2c_master.c"
 Parameters:    Size  Location     Type
		None
 Auto vars:     Size  Location     Type
		None
 Return value:  Size  Location     Type
                  1    wreg      void 
 Registers used:
		None
 Tracked objects:
		On entry : 
		On exit  : 
		Unchanged: 
 Data sizes:     COMMON   BANK0   BANK1   BANK2   BANK3   BANK4   BANK5   BANK6   BANK7   BANK8   BANK9  BANK10  BANK11  BANK12
      Params:         0       0       0       0       0       0       0       0       0       0       0       0       0       0
      Locals:         0       0       0       0       0       0       0       0       0       0       0       0       0       0
      Temps:          0       0       0       0       0       0       0       0       0       0       0       0       0       0
      Totals:         0       0       0       0       0       0       0       0       0       0       0       0       0       0
Total ram usage:        0 bytes
 Hardware stack levels used:    1
 This function calls:
		Nothing
 This function is called by:
		_I2C_DO_SEND_STOP
 This function uses a non-reentrant model


 *************** function _I2C_MasterEnableRestart *****************
 Defined at:
		line 574 in file "mcc_generated_files/i2c_master.c"
 Parameters:    Size  Location     Type
		None
 Auto vars:     Size  Location     Type
		None
 Return value:  Size  Location     Type
                  1    wreg      void 
 Registers used:
		None
 Tracked objects:
		On entry : 
		On exit  : 
		Unchanged: 
 Data sizes:     COMMON   BANK0   BANK1   BANK2   BANK3   BANK4   BANK5   BANK6   BANK7   BANK8   BANK9  BANK10  BANK11  BANK12
      Params:         0       0       0       0       0       0       0       0       0       0       0       0       0       0
      Locals:         0       0       0       0       0       0       0       0       0       0       0       0       0       0
      Temps:          0       0       0       0       0       0       0       0       0       0       0       0       0       0
      Totals:         0       0       0       0       0       0       0       0       0       0       0       0       0       0
Total ram usage:        0 bytes
 Hardware stack levels used:    1
 This function calls:
		Nothing
 This function is called by:
		_I2C_DO_SEND_RESTART_READ
		_I2C_DO_SEND_RESTART_WRITE
		_I2C_DO_SEND_RESTART
		_I2C_DO_RX_EMPTY
 This function uses a non-reentrant model


 *************** function _EUSART_Transmit_ISR *****************
 Defined at:
		line 206 in file "mcc_generated_files/eusart.c"
 Parameters:    Size  Location     Type
		None
 Auto vars:     Size  Location     Type
		None
 Return value:  Size  Location     Type
                  1    wreg      void 
 Registers used:
		wreg, fsr1l, fsr1h, status,2, status,0
 Tracked objects:
		On entry : 
		On exit  : 
		Unchanged: 
 Data sizes:     COMMON   BANK0   BANK1   BANK2   BANK3   BANK4   BANK5   BANK6   BANK7   BANK8   BANK9  BANK10  BANK11  BANK12
      Params:         0       0       0       0       0       0       0       0       0       0       0       0       0       0
      Locals:         0       0       0       0       0       0       0       0       0       0       0       0       0       0
      Temps:          1       0       0       0       0       0       0       0       0       0       0       0       0       0
      Totals:         1       0       0       0       0       0       0       0       0       0       0       0       0       0
Total ram usage:        1 bytes
 Hardware stack levels used:    1
 This function calls:
		Nothing
 This function is called by:
		_EUSART_Initialize
		_INTERRUPT_InterruptManager
 This function uses a non-reentrant model


 *************** function _EUSART_Receive_ISR *****************
 Defined at:
		line 225 in file "mcc_generated_files/eusart.c"
 Parameters:    Size  Location     Type
		None
 Auto vars:     Size  Location     Type
		None
 Return value:  Size  Location     Type
                  1    wreg      void 
 Registers used:
		wreg, fsr1l, fsr1h, status,2, status,0, pclath, cstack
 Tracked objects:
		On entry : 
		On exit  : 
		Unchanged: 
 Data sizes:     COMMON   BANK0   BANK1   BANK2   BANK3   BANK4   BANK5   BANK6   BANK7   BANK8   BANK9  BANK10  BANK11  BANK12
      Params:         0       0       0       0       0       0       0       0       0       0       0       0       0       0
      Locals:         0       0       0       0       0       0       0       0       0       0       0       0       0       0
      Temps:          0       0       0       0       0       0       0       0       0       0       0       0       0       0
      Totals:         0       0       0       0       0       0       0       0       0       0       0       0       0       0
Total ram usage:        0 bytes
 Hardware stack levels used:    1
 Hardware stack levels required when called:    2
 This function calls:
		Absolute function
		_EUSART_DefaultErrorHandler
		_EUSART_DefaultFramingErrorHandler
		_EUSART_DefaultOverrunErrorHandler
		_EUSART_RxDataHandler
 This function is called by:
		_EUSART_Initialize
		_INTERRUPT_InterruptManager
 This function uses a non-reentrant model


 *************** function _EUSART_DefaultOverrunErrorHandler *****************
 Defined at:
		line 261 in file "mcc_generated_files/eusart.c"
 Parameters:    Size  Location     Type
		None
 Auto vars:     Size  Location     Type
		None
 Return value:  Size  Location     Type
                  1    wreg      void 
 Registers used:
		None
 Tracked objects:
		On entry : 
		On exit  : 
		Unchanged: 
 Data sizes:     COMMON   BANK0   BANK1   BANK2   BANK3   BANK4   BANK5   BANK6   BANK7   BANK8   BANK9  BANK10  BANK11  BANK12
      Params:         0       0       0       0       0       0       0       0       0       0       0       0       0       0
      Locals:         0       0       0       0       0       0       0       0       0       0       0       0       0       0
      Temps:          0       0       0       0       0       0       0       0       0       0       0       0       0       0
      Totals:         0       0       0       0       0       0       0       0       0       0       0       0       0       0
Total ram usage:        0 bytes
 Hardware stack levels used:    1
 This function calls:
		Nothing
 This function is called by:
		_EUSART_Initialize
		_EUSART_Receive_ISR
 This function uses a non-reentrant model


 *************** function _EUSART_DefaultFramingErrorHandler *****************
 Defined at:
		line 259 in file "mcc_generated_files/eusart.c"
 Parameters:    Size  Location     Type
		None
 Auto vars:     Size  Location     Type
		None
 Return value:  Size  Location     Type
                  1    wreg      void 
 Registers used:
		None
 Tracked objects:
		On entry : 
		On exit  : 
		Unchanged: 
 Data sizes:     COMMON   BANK0   BANK1   BANK2   BANK3   BANK4   BANK5   BANK6   BANK7   BANK8   BANK9  BANK10  BANK11  BANK12
      Params:         0       0       0       0       0       0       0       0       0       0       0       0       0       0
      Locals:         0       0       0       0       0       0       0       0       0       0       0       0       0       0
      Temps:          0       0       0       0       0       0       0       0       0       0       0       0       0       0
      Totals:         0       0       0       0       0       0       0       0       0       0       0       0       0       0
Total ram usage:        0 bytes
 Hardware stack levels used:    1
 This function calls:
		Nothing
 This function is called by:
		_EUSART_Initialize
		_EUSART_Receive_ISR
 This function uses a non-reentrant model


 *************** function _EUSART_DefaultErrorHandler *****************
 Defined at:
		line 269 in file "mcc_generated_files/eusart.c"
 Parameters:    Size  Location     Type
		None
 Auto vars:     Size  Location     Type
		None
 Return value:  Size  Location     Type
                  1    wreg      void 
 Registers used:
		wreg, fsr1l, fsr1h, status,2, status,0, pclath, cstack
 Tracked objects:
		On entry : 
		On exit  : 
		Unchanged: 
 Data sizes:     COMMON   BANK0   BANK1   BANK2   BANK3   BANK4   BANK5   BANK6   BANK7   BANK8   BANK9  BANK10  BANK11  BANK12
      Params:         0       0       0       0       0       0       0       0       0       0       0       0       0       0
      Locals:         0       0       0       0       0       0       0       0       0       0       0       0       0       0
      Temps:          0       0       0       0       0       0       0       0       0       0       0       0       0       0
      Totals:         0       0       0       0       0       0       0       0       0       0       0       0       0       0
Total ram usage:        0 bytes
 Hardware stack levels used:    1
 Hardware stack levels required when called:    1
 This function calls:
		_EUSART_RxDataHandler
 This function is called by:
		_EUSART_Initialize
		_EUSART_Receive_ISR
 This function uses a non-reentrant model


 *************** function _EUSART_RxDataHandler *****************
 Defined at:
		line 249 in file "mcc_generated_files/eusart.c"
 Parameters:    Size  Location     Type
		None
 Auto vars:     Size  Location     Type
		None
 Return value:  Size  Location     Type
                  1    wreg      void 
 Registers used:
		wreg, fsr1l, fsr1h, status,2, status,0
 Tracked objects:
		On entry : 
		On exit  : 
		Unchanged: 
 Data sizes:     COMMON   BANK0   BANK1   BANK2   BANK3   BANK4   BANK5   BANK6   BANK7   BANK8   BANK9  BANK10  BANK11  BANK12
      Params:         0       0       0       0       0       0       0       0       0       0       0       0       0       0
      Locals:         0       0       0       0       0       0       0       0       0       0       0       0       0       0
      Temps:          1       0       0       0       0       0       0       0       0       0       0       0       0       0
      Totals:         1       0       0       0       0       0       0       0       0       0       0       0       0       0
Total ram usage:        1 bytes
 Hardware stack levels used:    1
 This function calls:
		Nothing
 This function is called by:
		_EUSART_Receive_ISR
		_EUSART_DefaultErrorHandler
 This function uses a non-reentrant model



MODULE INFORMATION

Module		Function		Class		Link	Load	Size
SourceFiles/SunSensor/Led.c
		_Led2_PWM      		CODE           	0230	0000	94

SourceFiles/SunSensor/Led.c estimated size: 94

mcc_generated_files/tmr2.c
		_TMR2_ISR      		CODE           	0728	0000	20
		_TMR2_Initialize		CODE           	06FE	0000	22
		_TMR2_SetInterruptHandler		CODE           	0FCA	0000	7
		_TMR2_DefaultInterruptHandler		CODE           	0F44	0000	2
		_TMR2_CallBack 		CODE           	07C7	0000	12

mcc_generated_files/tmr2.c estimated size: 63

mcc_generated_files/interrupt_manager.c
		_INTERRUPT_InterruptManager		CODE           	0004	0000	71

mcc_generated_files/interrupt_manager.c estimated size: 71

C:\Program Files (x86)\Microchip\xc8\v1.45\sources\common\Umul16.c
		___wmul        		CODE           	0651	0000	29

C:\Program Files (x86)\Microchip\xc8\v1.45\sources\common\Umul16.c estimated size: 29

SourceFiles/SunSensor/SHT25.c
		_SHT3x_CalcRelativeHumidity		CODE           	047E	0000	45
		_SHT25_StateMachine		CODE           	0075	0000	207
		_SHT3x_CalcTemperatureC		CODE           	04AA	0000	44

SourceFiles/SunSensor/SHT25.c estimated size: 296

mcc_generated_files/examples/i2c_master_example.c
		_wr1RegCompleteHandler		CODE           	073B	0000	17
		_wr2RegCompleteHandler		CODE           	076B	0000	17
		_rdBlkRegCompleteHandler		CODE           	06BC	0000	24
		_rd1RegCompleteHandler		CODE           	075B	0000	17
		_rd2RegCompleteHandler		CODE           	074B	0000	17
		_I2C_ReadNBytes		CODE           	0617	0000	30
		_I2C_WriteNBytes		CODE           	04FF	0000	38

mcc_generated_files/examples/i2c_master_example.c estimated size: 160

mcc_generated_files/pin_manager.c
		_PIN_MANAGER_Initialize		CODE           	03A2	0000	61

mcc_generated_files/pin_manager.c estimated size: 61

mcc_generated_files/adc.c
		_ADC_Initialize		CODE           	0FE5	0000	10

mcc_generated_files/adc.c estimated size: 10

C:\Program Files (x86)\Microchip\xc8\v1.45\sources\common\Umul32.c
		___lmul        		CODE           	044E	0000	49

C:\Program Files (x86)\Microchip\xc8\v1.45\sources\common\Umul32.c estimated size: 49

shared
		i1_I2C_SetBuffer		CODE           	078A	0000	15
		_COS_tsk       		STRCODE        	077B	0000	16
		__initialization		CODE           	004C	0000	38
		i1_I2C_SetCallback		CODE           	0592	0000	37
		_fsmStateTable 		STRCODE        	05D9	0000	33
		i1_I2C_MasterClearIrq		CODE           	0F59	0000	4
		i2c_master@I2C_MasterSendAck		CODE           	0F76	0000	5
		i2c_master@I2C_MasterSendNack		CODE           	0F72	0000	5

shared estimated size: 153

mcc_generated_files/mcc.c
		_OSCILLATOR_Initialize		CODE           	07D2	0000	11
		_SYSTEM_Initialize		CODE           	06E9	0000	22

mcc_generated_files/mcc.c estimated size: 33

mcc_generated_files/pwm3.c
		_PWM3_Initialize		CODE           	07B1	0000	12
		_PWM3_LoadDutyValue		CODE           	06D3	0000	23

mcc_generated_files/pwm3.c estimated size: 35

SourceFiles/COS/COS_Main.c
		_COS_TimerSetup		CODE           	0FBE	0000	7
		_COS_Init      		CODE           	0365	0000	62
		_COS_TskMan    		CODE           	0143	0000	134
		_COS_TmrHandler		CODE           	01C8	0000	105

SourceFiles/COS/COS_Main.c estimated size: 308

mcc_generated_files/i2c_master.c
		_I2C_Close     		CODE           	05F9	0000	31
		_I2C_MasterStartRx		CODE           	0F50	0000	4
		_I2C_DO_SEND_ADR_WRITE		CODE           	0FD6	0000	8
		_I2C_DO_SEND_STOP		CODE           	0F86	0000	5
		_I2C_MasterDisableIrq		CODE           	0F65	0000	4
		_I2C_CallbackReturnStop		CODE           	0F45	0000	3
		_I2C_MasterOperation		CODE           	066D	0000	29
		_I2C_DO_SEND_ADR_READ		CODE           	0FDD	0000	9
		_I2C_DO_RX_NACK_STOP		CODE           	0F8E	0000	5
		_I2C_DO_SEND_RESTART		CODE           	0F82	0000	5
		_I2C_DO_RX     		CODE           	03DE	0000	59
		_I2C_DO_TX     		CODE           	028D	0000	76
		_I2C_DO_IDLE   		CODE           	0FA3	0000	6
		_I2C_DO_RCEN   		CODE           	0FB8	0000	7
		_I2C_DO_RESET  		CODE           	0FA8	0000	6
		_I2C_MasterClose		CODE           	0F62	0000	4
		_I2C_MasterWrite		CODE           	0F9A	0000	5
		_I2C_DO_RX_ACK 		CODE           	0F8A	0000	5
		_I2C_MasterStart		CODE           	0F68	0000	4
		_I2C_MasterClearIrq		CODE           	0F5F	0000	4
		_I2C_MasterGetRxData		CODE           	0F53	0000	4
		_I2C_SetCallback		CODE           	0524	0000	38
		_I2C_DO_ADDRESS_NACK		CODE           	05B6	0000	36
		_I2C_MasterEnableRestart		CODE           	0F4A	0000	4
		_I2C_CallbackReturnReset		CODE           	0002	0000	3
		_I2C_Open      		CODE           	02D8	0000	74
		_I2C_SetAddressNackCallback		CODE           	0798	0000	14
		_I2C_DO_TX_EMPTY		CODE           	0549	0000	38
		_I2C_DO_SEND_RESTART_WRITE		CODE           	0F7E	0000	5
		_I2C_MasterIsNack		CODE           	0FB2	0000	7
		_I2C_SetDataCompleteCallback		CODE           	07A5	0000	13
		_I2C_DO_RX_NACK_RESTART		CODE           	0F92	0000	5
		_I2C_MasterFsm 		CODE           	04D5	0000	43
		_I2C_MasterIsr 		CODE           	0F5C	0000	4
		_I2C_MasterSetIrq		CODE           	0F56	0000	4
		_I2C_DO_SEND_RESTART_READ		CODE           	0F7A	0000	5
		_I2C_MasterEnableIrq		CODE           	0F6B	0000	4
		_I2C_Initialize		CODE           	07DC	0000	10
		_I2C_SetBuffer 		CODE           	0713	0000	22
		_I2C_SetInterruptHandler		CODE           	0FC4	0000	7
		_I2C_MasterRead		CODE           	0F96	0000	5
		_I2C_MasterOpen		CODE           	07BC	0000	12
		_I2C_MasterSendTxData		CODE           	0F9E	0000	6
		_I2C_MasterStop		CODE           	0F4D	0000	4

mcc_generated_files/i2c_master.c estimated size: 646

mcc_generated_files/eusart.c
		_EUSART_SetRxInterruptHandler		CODE           	07EE	0000	10
		_EUSART_SetTxInterruptHandler		CODE           	07E5	0000	10
		_EUSART_DefaultOverrunErrorHandler		CODE           	0F6E	0000	5
		_EUSART_Write  		CODE           	056E	0000	37
		_EUSART_DefaultErrorHandler		CODE           	0F47	0000	4
		_EUSART_Transmit_ISR		CODE           	0634	0000	30
		_EUSART_Initialize		CODE           	0321	0000	69
		_EUSART_SetFramingErrorHandler		CODE           	0FF7	0000	10
		_EUSART_SetErrorHandler		CODE           	0FEE	0000	10
		_EUSART_SetOverrunErrorHandler		CODE           	07F7	0000	10
		_EUSART_Receive_ISR		CODE           	0418	0000	55
		_EUSART_RxDataHandler		CODE           	06A4	0000	25
		_EUSART_DefaultFramingErrorHandler		CODE           	0F43	0000	2

mcc_generated_files/eusart.c estimated size: 277

main.c
		_main          		CODE           	0689	0000	28

main.c estimated size: 28

